npm warn Unknown env config "devdir". This will stop working in the next major version of npm.

> sinapse-app@0.0.0 build
> vite build

vite v8.0.13 building client environment for production...
[2Ktransforming...✓ 79 modules transformed.
rendering chunks...
computing gzip size...
dist/index.html                   0.69 kB │ gzip:   0.36 kB
dist/assets/index-CD4R77pK.css    1.12 kB │ gzip:   0.50 kB
dist/assets/index-DAmdPazQ.js   577.22 kB │ gzip: 159.56 kB

✓ built in 775ms
[plugin builtin:vite-reporter] 
(!) Some chunks are larger than 500 kB after minification. Consider:
- Using dynamic import() to code-split the application
- Use build.rolldownOptions.output.codeSplitting to improve chunking: https://rolldown.rs/reference/OutputOptions.codeSplitting
- Adjust chunk size limit for this warning via build.chunkSizeWarningLimit.
npm notice
npm notice New minor version of npm available! 11.6.2 -> 11.14.1
npm notice Changelog: https://github.com/npm/cli/releases/tag/v11.14.1
npm notice To update run: npm install -g npm@11.14.1
npm notice
